(5, 4) ADDASSIGN assigment operation is not overloaded for boolean and string