(5, 4) ADDASSIGN assigment operation is not overloaded for char and string