(4, 4) ASSIGN assigment operation is not overloaded for char and string