program : Unnamed program
   alias
      type: integer
      int
   alias
      type: int
      int_
   var: 
      a
      type: int
   var: 
      b
      type: int_
   stmts:
      empty
scope     name                          class               
------------------------------------------------------------
0         integer                       primitive type      
0         double                        primitive type      
0         boolean                       primitive type      
0         char                          primitive type      
0         string                        primitive type      
1         int                           alias               
1         int_                          alias               
1         a                             variable            
1         b                             variable            
