(4, 11)  Unary operator NOTis not overloaded for string