(4, 10)  Unary operator ADDis not overloaded for char