(5, 12) EQUAL operation is not overloaded for integer and string