(5, 12) EQUAL operation is not overloaded for string and char