(5, 12) EQUAL operation is not overloaded for double and string