(5, 12) EQUAL operation is not overloaded for boolean and string