program : Unnamed program
   procedure:
      p
      parameters: 
         type: integer
         var
         a
      stmts:
         empty   stmts:
      call
         p
            10

scope     name                          class               
------------------------------------------------------------
0         integer                       primitive type      
0         double                        primitive type      
0         boolean                       primitive type      
0         char                          primitive type      
0         string                        primitive type      
1         p                             procedure           
2         a                             parameter variable reference
