program : Unnamed program
   var: 
      a
      array
      type: integer
      range
         0
         10
   var: 
      b
      array
      type: integer
      range
         0
         10
      range
         0
         10
   var: 
      c
      array
      array
         type: integer
         range
            0
            10
      range
         0
         10
   stmts:
      call
         write
            array
               a
               1
            array
               array
                  b
                  1
               1
            array
               array
                  c
                  1
               1

scope     name                          class               
------------------------------------------------------------
0         integer                       primitive type      
0         double                        primitive type      
0         boolean                       primitive type      
0         char                          primitive type      
0         string                        primitive type      
1         a                             variable            
1         b                             variable            
1         c                             variable            
