1	1	Identifier	something	something
2	1	Identifier	something	something
4	1	Identifier	something	something
6	1	Identifier	endofsomethig	endofsomethig
6	14	eof
