1	1	Operator	Addition	+
2	1	Operator	Subtraction	-
3	1	Operator	Multiplication	*
4	1	Operator	Division	/
5	1	Operator	Equal	=
6	1	Operator	AE	+=
7	1	Operator	SE	-=
8	1	Operator	ME	*=
9	1	Operator	DE	/=
10	1	Operator	Colon	:
11	1	Operator	Assign	:=
12	1	Separator	Lparenthesis	(
12	3	Separator	Rparenthesis	)
13	1	Separator	RSbracket	[
13	3	Separator	LSbracket	]
14	1	Operator	Circumflex 	^
15	1	Operator	At	@
16	1	Separator	Lattice 	#
17	1	Separator	Semicolon	;
18	1	Separator	Period	.
19	1	Separator	DPeriod	..
20	1	Separator	Comma	,
21	1	Operator	Less	<
22	1	Operator	More	>
23	1	Operator	Unequal	<>
24	1	Operator	LTEOE	<=
25	1	Operator	MOE	>=
26	1	Operator	SD	><
27	1	eof
