1	1	Keyword	program	program
1	9	Identifier	hello	hello
1	14	Separator	Semicolon	;
2	2	Keyword	var	var
2	6	Identifier	a	a
2	7	Separator	Comma	,
2	9	Identifier	b	b
2	10	Separator	Comma	,
2	12	Identifier	c	c
2	14	Operator	Colon	:
2	16	Keyword	integer	integer
2	23	Separator	Semicolon	;
3	1	Keyword	begin	begin
4	2	Identifier	c	c
4	4	Operator	Assign	:=
4	7	Identifier	a	a
4	9	Operator	Subtraction	-
4	11	Identifier	b	b
4	13	Operator	Addition	+
4	15	Integer	12	12
4	18	Operator	Subtraction	-
4	20	Real	12.3	12.3
4	25	Operator	Multiplication	*
4	27	Integer	1	%01
4	30	Separator	Semicolon	;
7	2	Identifier	b	b
7	4	Operator	Assign	:=
7	7	Identifier	c	c
7	9	Operator	Division	/
7	11	Real	44.4e4	44.4e4
7	17	Separator	Semicolon	;
8	1	Keyword	end	end
8	4	Separator	Period	.
8	5	eof
