1	1	Integer	2147483647	2147483647
(2, 11) Integer overflow