1	1	Integer	2147483647	$7FFFFFFF
(2, 10) Integer overflow