program : Unnamed program
   const:
      a
      1
   const:
      b
      type: Integer
      2
   const:
      c
      1
   const:
      d
      +
         3
         7
   stmts:
      empty