program : Unnamed program
   alias
      type: Integer
      a
   alias
      type: Char
      b
   alias
      type: Real
      c
   stmts:
      empty