program : Unnamed program
   var: 
      a
      type: Integer
      1
   stmts:
      call
         writeln
            a
