program : Unnamed program
   var: 
      a
      array
      type: Integer
      range
         1
         5
   var: 
      b
      array
      type: Integer
      range
         1
         5
      range
         1
         5
   stmts:
      call
         writeln
            array
               a
               1
            array
               array
                  b
                  1
               1
