program : Unnamed program
   var: 
      a
      type: Integer
      10
   var: 
      b
      type: Integer
      10
   stmts:
      call
         writeln
            +
            1
      call
         writeln
            -
            1
      call
         writeln
            +
               *
                  1
                  a
               4
      call
         writeln
            -
            +
               -
                  1
      call
         writeln
            +
               2
               +
               +
                  +
                     +
                        3
      call
         writeln
            +
               a
               b
      call
         writeln
            -
               2
               b
      call
         writeln
            *
               2
               b
      call
         writeln
            /
               2
               b
      call
         writeln
            +
               +
                  +
                     a
                     b
                  b
               b
      call
         writeln
            *
               b
               +
                  a
                  b
      call
         writeln
            /
               *
                  /
                     a
                     b
                  c
               b
      call
         writeln
            div
               a
               b
      call
         writeln
            mod
               a
               b
      call
         writeln
            +
               a
               div
                  b
                  2
      call
         writeln
            +
               a
               mod
                  b
                  2
      call
         writeln
            xor
               a
               b
      call
         writeln
            shr
               a
               b
      call
         writeln
            shl
               a
               b
      call
         writeln
            <>
               1
               3
      call
         writeln
            <
               1
               3
      call
         writeln
            <=
               1
               3
      call
         writeln
            >=
               1
               3
      call
         writeln
            >
               1
               3
      call
         writeln
            =
               1
               3
      call
         writeln
            or
               a
               b
      call
         writeln
            or
               or
                  or
                     2
                     b
                  or
                     4
                     5
               6
      call
         writeln
            and
               2
               or
                  a
                  and
                     4
                     5
      :=
         a
         1
      +=
         a
         1
      -=
         a
         1
      *=
         a
         1
      /=
         a
         1
