program : Unnamed program
   stmts:
      stmts:
         stmts:
            call
               writeln
                  1
