program : Unnamed program
   stmts:
      call
         writeln
            1
