program : Unnamed program
   var: 
      a
      type: Integer
      1
   stmts:
      if
         >
            a
            1
         :=
            a
            2
      if
         and
            =
               a
               1
            >
               2
               1
         :=
            a
            +
               3
               7
         else
            :=
               a
               +
                  3
                  7
      if
         and
            =
               a
               1
            >
               2
               1
         :=
            a
            +
               3
               7
         else
            :=
               a
               +
                  3
                  7
