program : Unnamed program
   var: 
      b
      type: string
   stmts:
      :=
         b
         hello
      call
         writeln
            b
